error: the return value of `mem::discriminant` is unspecified when called with a non-enum type
   --> src/executor/planner.rs:730:82
    |
730 |         println!("DEBUG - extract_alias_from_plan: called with plan type: {:?}", std::mem::discriminant(&plan));
    |                                                                                  ^^^^^^^^^^^^^^^^^^^^^^^^^^^^^
    |
note: the argument to `discriminant` should be a reference to an enum, but it was passed a reference to a `&PlanNode`, which is not an enum
   --> src/executor/planner.rs:730:105
    |
730 |         println!("DEBUG - extract_alias_from_plan: called with plan type: {:?}", std::mem::discriminant(&plan));
    |                                                                                                         ^^^^^
    = note: `#[deny(enum_intrinsics_non_enums)]` on by default

error: could not compile `rustgresql` (lib) due to 1 previous error
